RISC-V Assembly to Machine Code
==================================================

LABELS:
  main: 0x00000000
  loop: 0x00000020
  end: 0x0000002c

==================================================

Address: 0x00000000
Assembly: addi x1, x0, 10
Binary:   00000000101000000000000010010011
Hex:      00a00093
----------------------------------------
Address: 0x00000004
Assembly: addi x2, x0, 20
Binary:   00000001010000000000000100010011
Hex:      01400113
----------------------------------------
Address: 0x00000008
Assembly: add x3, x1, x2
Binary:   00000000001000001000000110110011
Hex:      002081b3
----------------------------------------
Address: 0x0000000c
Assembly: sub x4, x3, x1
Binary:   01000000000100011000001000110011
Hex:      40118233
----------------------------------------
Address: 0x00000010
Assembly: sw x3, 0(sp)
Binary:   00000000001100010010000000100011
Hex:      00312023
----------------------------------------
Address: 0x00000014
Assembly: lw x5, 0(sp)
Binary:   00000000000000010010001010000011
Hex:      00012283
----------------------------------------
Address: 0x00000018
Assembly: sw x4, -4(sp)
Binary:   11111110010000010010111000100011
Hex:      fe412e23
----------------------------------------
Address: 0x0000001c
Assembly: lw x6, -4(sp)
Binary:   11111111110000010010001100000011
Hex:      ffc12303
----------------------------------------
Address: 0x00000020
Assembly: beq x1, x0, end
Binary:   00000000000000001000011001100011
Hex:      00008663
----------------------------------------
Address: 0x00000024
Assembly: addi x1, x1, -1
Binary:   11111111111100001000000010010011
Hex:      fff08093
----------------------------------------
Address: 0x00000028
Assembly: jal x0, loop
Binary:   11111111100111111111000001101111
Hex:      ff9ff06f
----------------------------------------
Address: 0x0000002c
Assembly: addi x0, x0, 0
Binary:   00000000000000000000000000010011
Hex:      00000013
----------------------------------------
Address: 0x00000030
Assembly: add x7, x3, x0
Binary:   00000000000000011000001110110011
Hex:      000183b3
----------------------------------------
